Copyright 1986-2017 Xilinx, Inc. All Rights Reserved.
-------------------------------------------------------------------------------------------------------------------------
| Tool Version : Vivado v.2017.2.1 (win64) Build 1909853 Thu Jun 15 18:39:09 MDT 2017
| Date         : Wed Mar 13 22:37:43 2019
| Host         : DESKTOP-4HA8L2L running 64-bit major release  (build 9200)
| Command      : report_methodology -file mult_8bit_methodology_drc_routed.rpt -rpx mult_8bit_methodology_drc_routed.rpx
| Design       : mult_8bit
| Device       : xc7a200tfbg676-2
| Speed File   : -2
| Design State : Routed
-------------------------------------------------------------------------------------------------------------------------

Report Methodology

Table of Contents
-----------------
1. REPORT SUMMARY
2. REPORT DETAILS

1. REPORT SUMMARY
-----------------
            Netlist: netlist
          Floorplan: design_1
      Design limits: <entire design considered>
             Max violations: <unlimited>
             Violations found: 0
+------+----------+-------------+------------+
| Rule | Severity | Description | Violations |
+------+----------+-------------+------------+
+------+----------+-------------+------------+

2. REPORT DETAILS
-----------------

